// Jest Snapshot v1, https://goo.gl/fbAQLP

exports[`Should render catchPokemons 1`] = `
<div>
  <input
    onChange={[Function]}
    type="text"
  />
  <button
    id="but"
    onClick={[Function]}
  >
     Catch!!
  </button>
</div>
`;
